Starting job on node: node18
Job started at: Thu Mar 19 21:06:13 CET 2026
Splits -> Train: 4032 | Val: 504 | Test: 504
Epoch 1/100
Train Loss=0.564758
Val Loss=0.003896
Epoch 2/100
Train Loss=0.385237
Val Loss=0.003486
Epoch 3/100
Train Loss=0.364525
Val Loss=0.003348
Epoch 4/100
Train Loss=0.357315
Val Loss=0.003347
Epoch 5/100
Train Loss=0.353257
Val Loss=0.003309
Epoch 6/100
Train Loss=0.350639
Val Loss=0.003297
Epoch 7/100
Train Loss=0.348129
Val Loss=0.003287
Epoch 8/100
Train Loss=0.344956
Val Loss=0.003256
Epoch 9/100
Train Loss=0.342667
Val Loss=0.003210
Epoch 10/100
Train Loss=0.340349
Val Loss=0.003186
Epoch 11/100
Train Loss=0.338329
Val Loss=0.003151
Epoch 12/100
Train Loss=0.335787
Val Loss=0.003113
Epoch 13/100
Train Loss=0.332595
Val Loss=0.003094
Epoch 14/100
Train Loss=0.330357
Val Loss=0.003078
Epoch 15/100
Train Loss=0.327364
Val Loss=0.003099
Epoch 16/100
Train Loss=0.324594
Val Loss=0.003094
Epoch 17/100
Train Loss=0.320895
Val Loss=0.003000
Epoch 18/100
Train Loss=0.318347
Val Loss=0.003152
Epoch 19/100
Train Loss=0.315954
Val Loss=0.003017
Epoch 20/100
Train Loss=0.312903
Val Loss=0.002908
Epoch 21/100
Train Loss=0.310680
Val Loss=0.002947
Epoch 22/100
Train Loss=0.306312
Val Loss=0.002873
Epoch 23/100
Train Loss=0.304248
Val Loss=0.002865
Epoch 24/100
Train Loss=0.301741
Val Loss=0.002866
Epoch 25/100
Train Loss=0.298996
Val Loss=0.002816
Epoch 26/100
Train Loss=0.296553
Val Loss=0.002820
Epoch 27/100
Train Loss=0.294128
Val Loss=0.002755
Epoch 28/100
Train Loss=0.292318
Val Loss=0.002784
Epoch 29/100
Train Loss=0.289488
Val Loss=0.002740
Epoch 30/100
Train Loss=0.287857
Val Loss=0.002717
Epoch 31/100
Train Loss=0.286052
Val Loss=0.002749
Epoch 32/100
Train Loss=0.284437
Val Loss=0.002663
Epoch 33/100
Train Loss=0.281880
Val Loss=0.002766
Epoch 34/100
Train Loss=0.278707
Val Loss=0.002680
Epoch 35/100
Train Loss=0.278530
Val Loss=0.002712
Epoch 36/100
Train Loss=0.277936
Val Loss=0.002674
Epoch 37/100
Train Loss=0.272537
Val Loss=0.002696
Epoch 38/100
Train Loss=0.274720
Val Loss=0.002654
Epoch 39/100
Train Loss=0.273303
Val Loss=0.002580
Epoch 40/100
Train Loss=0.270967
Val Loss=0.002666
Epoch 41/100
Train Loss=0.266282
Val Loss=0.002599
Epoch 42/100
Train Loss=0.265287
Val Loss=0.002589
Epoch 43/100
Train Loss=0.266406
Val Loss=0.002563
Epoch 44/100
Train Loss=0.264019
Val Loss=0.002554
Epoch 45/100
Train Loss=0.260536
Val Loss=0.002569
Epoch 46/100
Train Loss=0.258790
Val Loss=0.002561
Epoch 47/100
Train Loss=0.257175
Val Loss=0.002533
Epoch 48/100
Train Loss=0.260099
Val Loss=0.002580
Epoch 49/100
Train Loss=0.255451
Val Loss=0.002523
Epoch 50/100
Train Loss=0.257214
Val Loss=0.002538
Epoch 51/100
Train Loss=0.254500
Val Loss=0.002524
Epoch 52/100
Train Loss=0.252162
Val Loss=0.002550
Epoch 53/100
Train Loss=0.252125
Val Loss=0.002484
Epoch 54/100
Train Loss=0.254707
Val Loss=0.002494
Epoch 55/100
Train Loss=0.250293
Val Loss=0.002490
Epoch 56/100
Train Loss=0.247560
Val Loss=0.002521
